[2J[01;01H[=3h[2J[01;01H[2J[01;01H[=3h[2J[01;01H[2J[01;01H[=3h[2J[01;01HBdsDxe: loading Boot0001 "UEFI Non-Block Boot Device" from PciRoot(0x0)/Pci(0x3,0x0)
BdsDxe: starting Boot0001 "UEFI Non-Block Boot Device" from PciRoot(0x0)/Pci(0x3,0x0)
SLOPOS-UEFI: loader entered
SLOPOS-UEFI: raw protocol layer initialized
SLOPOS-UEFI: ACPI RSDP=0xf77e014
SLOPOS-UEFI: GOP 1024x768 stride=1024 base=0x80000000
SLOPOS-UEFI: kernel file loaded bytes=806568
SLOPOS-UEFI: kernel mapped 0x4000000..0x40af000 entry=0x4000000
SLOPOS-UEFI: initrd loaded bytes=186 base=0xe612000
SLOPOS-UEFI: user ELF loaded bytes=26344 base=0xdf47000
SLOPOS-UEFI: Boot Services exited descriptors=118
SLOPOS-UEFI: transferring control to kernel
SLOPOS-KERNEL: entry reached
SLOPOS-KERNEL: boot info valid memory_descriptors=118
SLOPOS-ACPI: XSDT MADT validated cpus=1 lapic=0xfee00000 ioapics=1 overrides=5 irq11=11/13
SLOPOS-KERNEL: initrd available base=0xe612000 bytes=186
SLOPOS-KERNEL: user ELF available base=0xdf47000 bytes=26344
SLOPOS-PCI: mechanism1 devices=8 virtio=2 esp=00:03.0 root=00:04.0 id=1001 caps=0x1e irq=10
SLOPOS-PCI: bars=00006001/81085000/00000000/00000000/0000400c/000000c0 regions=0xc000004000/0xc000007000/0xc000005000/0xc000006000
SLOPOS-MM: frame allocator initialized regions=8 free_frames=52851 probe=0x100000
SLOPOS-MM: CR3 switched root=0x101000 table_frames=7 huge_pages=517
SLOPOS-MM: kernel heap initialized base=0x108000 bytes=1048576 probe=0x108000
SLOPOS-EBPF: verifier accepted instructions=5 interpreter_result=42
SLOPOS-KERNEL: framebuffer ownership accepted 1024x768
SLOPOS-INPUT: PS/2 keyboard and mouse IRQ queue armed wheel=true
SLOPOS-INTERRUPT: GDT IDT LAPIC IOAPIC PIT initialized timer_hz=100 lapic_id=0 ioapic_id=0 redirections=24 routes=2/1/12/10
SLOPOS-NIRI: window rule app_id=slopos-config property=open-focused value=false applied=true workspace=2 activated=false source=config
SLOPOS-SHELL: config loaded niri_workspaces=3 named=2 binds=71 rules=1 active_columns=2 gaps=16 default_width=50% center=never waybar_position=top height=40 spacing=10 modules=1/1/4 module_configs=6 css_rules=12
SLOPOS-WAYBAR: formats active workspace={value} window={title} cpu="CPU {usage}%" memory="MEM {percentage}%" intervals=5/10/30/60 css=foreground/background/padding/margin/border-bottom
SLOPOS-WAYBAR: geometry position=top x=0 y=0 width=1024 height=40 margin=0/0/0/0 spacing=10 fixed_center=true layer=bottom mode=default exclusive=true passthrough=false visible=true reserved_top=40 source=embedded
SLOPOS-WAYBAR: layout configured_width=0 no_center=false expand=false/false/false name=- namespace=waybar source=embedded
SLOPOS-WAYBAR: output name=SLOPOS-1 identifier="SlopOS Virtual Display 0x00000001" selector=any entries=0 selected=true source=embedded
SLOPOS-WAYBAR: output-dimensions width=1024 height=768 selector=any entries=0 selected=true source=embedded
SLOPOS-WAYBAR: modifier-reset strategy=press active=false source=embedded
SLOPOS-SWWW: daemon=running output=SLOPOS-1 geometry=1024x768 image=awaiting-user-policy transition=simple step=2 fps=30 policy_owner=user-service
SLOPOS-DESKTOP: interactive compositor loop entered windows=3
SLOPOS-DESKTOP: terminal, system monitor, and configuration windows ready
SLOPOS-IPC: AF_UNIX SOCK_STREAM listener bound path=/run/slopos/wayland-0 backlog=2 bytes_per_direction=512
SLOPOS-ASYNC: executor entered tasks=3
SLOPOS-VIRTIO: modern block queue ready size=8 capacity_sectors=524288 flush=true
SLOPOS-EXT4: journal recovery replayed sequence=1 start=1 tags=5 first_target_block=0 escaped=false home_readback=true next_sequence=2 records_cleared=true recovery=false
SLOPOS-EXT4: group descriptor valid group=1 inode_table=38
SLOPOS-EXT4: group descriptor valid group=1 inode_table=38
SLOPOS-VFS: executable loaded path=/sbin/slop-init inode=23 bytes=26344 blocks=7 matches_boot=true
SLOPOS-EXT4: group descriptor valid group=1 inode_table=38
SLOPOS-EXT4: group descriptor valid group=1 inode_table=38
SLOPOS-VFS: executable loaded path=/sbin/slop-shell inode=24 bytes=40960 blocks=10 matches_boot=not-required role=desktop-service
SLOPOS-PROCESS: pid=1 parent=0 source=vfs path=/sbin/slop-init argv1=--system format=elf64 entry=0x40000000 segments=1 file_bytes=26344 load_bytes=2608 memory_bytes=2608 address_space=0x22f000 user_code=0x40000000 user_stack=0x40007000 code_frames=0x233000/0x234000/0x235000/0x236000 stack_frames=0x237000/0x238000/0x239000 code=user-readonly stack=user-writable kernel=supervisor
SLOPOS-PROCESS: pid=1 initial_stack abi=linux-x86_64 rsp=0x40006ec0 aligned=16 stack_pages=3 argc=2 argv0=/sbin/slop-init argv1=--system envc=3 auxv_pairs=9 bytes=320
SLOPOS-PROCESS: pid=2 parent=1 source=vfs path=/sbin/slop-shell argv1=--session format=elf64 entry=0x40000000 segments=1 file_bytes=40960 load_bytes=12984 memory_bytes=12984 address_space=0x23a000 user_code=0x40000000 user_stack=0x40007000 code_frames=0x23e000/0x23f000/0x240000/0x241000 stack_frames=0x242000/0x243000/0x244000 code=user-readonly stack=user-writable kernel=supervisor
SLOPOS-PROCESS: pid=2 initial_stack abi=linux-x86_64 rsp=0x40006ea0 aligned=16 stack_pages=3 argc=2 argv0=/sbin/slop-shell argv1=--session envc=4 auxv_pairs=9 bytes=352
SLOPOS-PROCESS: table initialized capacity=4 processes=2 pids=1/2 roles=init/desktop-service states=ready/ready fd_capacity=8 per_process_fds=true
SLOPOS-SYSCALL: fast path ready instruction=syscall return=sysretq star=0x10000800000000 lstar=0x40013e3 fmask=0x47700 efer_sce=true
SLOPOS-SYSCALL: pid=1 abi=linux-x86_64 entry=syscall return=kernel nr=24 sched_yield state=runnable origin=cpl3
SLOPOS-SCHED: cooperative switch from=1 to=2 next_state=Ready independent_cr3=true
SLOPOS-SYSCALL: pid=2 abi=linux-x86_64 entry=syscall return=kernel nr=24 sched_yield state=runnable origin=cpl3
SLOPOS-SCHED: cooperative switch from=2 to=1 next_state=Runnable independent_cr3=true
SLOPOS-SCHED: timer preempt from=1 to=2 tick=7 preemptions=1 next_state=Runnable independent_cr3=true
SLOPOS-SCHED: timer preempt from=2 to=1 tick=8 preemptions=1 next_state=Runnable independent_cr3=true
SLOPOS-SYSCALL: pid=2 abi=linux-x86_64 entry=syscall return=suspended nr=257 openat dirfd=-100 flags=0 path=/etc/slopos/waybar.jsonc origin=cpl3
SLOPOS-EXT4: group descriptor valid group=1 inode_table=38
SLOPOS-VFS: process open complete pid=2 fd=3 inode=20 bytes=904 access=readonly async=true path=/etc/slopos/waybar.jsonc
SLOPOS-SCHED: pid=2 state=blocked->runnable reason=io-complete
SLOPOS-SYSCALL: pid=2 abi=linux-x86_64 entry=syscall return=kernel nr=24 sched_yield state=runnable origin=cpl3
SLOPOS-SCHED: cooperative switch from=2 to=1 next_state=Runnable independent_cr3=true
SLOPOS-SYSCALL: pid=1 abi=linux-x86_64 entry=syscall return=suspended nr=257 openat dirfd=-100 flags=0 path=/etc/slopos/system.conf origin=cpl3
SLOPOS-EXT4: group descriptor valid group=1 inode_table=38
SLOPOS-VFS: process open complete pid=1 fd=3 inode=18 bytes=76 access=readonly async=true path=/etc/slopos/system.conf
SLOPOS-SCHED: pid=1 state=blocked->runnable reason=io-complete
SLOPOS-SYSCALL: pid=1 abi=linux-x86_64 entry=syscall return=suspended nr=0 read fd=3 requested=76 user_pages=1 origin=cpl3
SLOPOS-VFS: process read complete pid=1 fd=3 inode=18 offset=0 requested=76 bytes=76 user_pages=1 cross_page=false async=true
SLOPOS-SCHED: pid=1 state=blocked->runnable reason=io-complete
SLOPOS-SYSCALL: pid=1 abi=linux-x86_64 entry=syscall return=suspended nr=3 close fd=3 origin=cpl3
SLOPOS-VFS: process close complete pid=1 fd=3 inode=18 async=false
SLOPOS-SCHED: pid=1 state=blocked->runnable reason=io-complete
SLOPOS-SYSCALL: pid=1 abi=linux-x86_64 entry=syscall return=suspended nr=257 openat dirfd=-100 flags=2 path=/usr/share/slopos/write-probe.bin origin=cpl3
SLOPOS-EXT4: group descriptor valid group=1 inode_table=38
SLOPOS-EXT4: group descriptor valid group=1 inode_table=38
SLOPOS-EXT4: group descriptor valid group=1 inode_table=38
SLOPOS-EXT4: group descriptor valid group=1 inode_table=38
SLOPOS-VFS: process open complete pid=1 fd=3 inode=31 bytes=4096 access=readwrite async=true path=/usr/share/slopos/write-probe.bin
SLOPOS-SCHED: pid=1 state=blocked->runnable reason=io-complete
SLOPOS-SYSCALL: pid=1 abi=linux-x86_64 entry=syscall return=kernel nr=24 sched_yield state=runnable origin=cpl3
SLOPOS-SCHED: cooperative switch from=1 to=2 next_state=Runnable independent_cr3=true
SLOPOS-SYSCALL: pid=2 abi=linux-x86_64 entry=syscall return=suspended nr=0 read fd=3 requested=256 user_pages=1 origin=cpl3
SLOPOS-VFS: process read complete pid=2 fd=3 inode=20 offset=0 requested=256 bytes=256 user_pages=1 cross_page=false async=true
SLOPOS-SCHED: pid=2 state=blocked->runnable reason=io-complete
SLOPOS-SYSCALL: pid=2 abi=linux-x86_64 entry=syscall return=suspended nr=0 read fd=3 requested=256 user_pages=1 origin=cpl3
SLOPOS-VFS: process read complete pid=2 fd=3 inode=20 offset=256 requested=256 bytes=256 user_pages=1 cross_page=false async=true
SLOPOS-SCHED: pid=2 state=blocked->runnable reason=io-complete
SLOPOS-SYSCALL: pid=2 abi=linux-x86_64 entry=syscall return=suspended nr=0 read fd=3 requested=256 user_pages=1 origin=cpl3
SLOPOS-VFS: process read complete pid=2 fd=3 inode=20 offset=512 requested=256 bytes=256 user_pages=1 cross_page=false async=true
SLOPOS-SCHED: pid=2 state=blocked->runnable reason=io-complete
SLOPOS-SYSCALL: pid=2 abi=linux-x86_64 entry=syscall return=suspended nr=0 read fd=3 requested=256 user_pages=1 origin=cpl3
SLOPOS-VFS: process read complete pid=2 fd=3 inode=20 offset=768 requested=256 bytes=136 user_pages=1 cross_page=false async=true
SLOPOS-SCHED: pid=2 state=blocked->runnable reason=io-complete
SLOPOS-SYSCALL: pid=2 abi=linux-x86_64 entry=syscall return=suspended nr=0 read fd=3 requested=256 user_pages=1 origin=cpl3
SLOPOS-VFS: process read complete pid=2 fd=3 inode=20 offset=904 requested=256 bytes=0 user_pages=1 cross_page=false async=true
SLOPOS-SCHED: pid=2 state=blocked->runnable reason=io-complete
SLOPOS-SYSCALL: pid=2 abi=linux-x86_64 entry=syscall return=suspended nr=3 close fd=3 origin=cpl3
SLOPOS-VFS: process close complete pid=2 fd=3 inode=20 async=false
SLOPOS-SCHED: pid=2 state=blocked->runnable reason=io-complete
SLOPOS-SYSCALL: pid=2 abi=linux-x86_64 entry=syscall return=suspended nr=257 openat dirfd=-100 flags=0 path=/etc/slopos/swww.env origin=cpl3
SLOPOS-EXT4: group descriptor valid group=1 inode_table=38
SLOPOS-VFS: process open complete pid=2 fd=3 inode=17 bytes=244 access=readonly async=true path=/etc/slopos/swww.env
SLOPOS-SCHED: pid=2 state=blocked->runnable reason=io-complete
SLOPOS-SYSCALL: pid=2 abi=linux-x86_64 entry=syscall return=suspended nr=0 read fd=3 requested=256 user_pages=1 origin=cpl3
SLOPOS-VFS: process read complete pid=2 fd=3 inode=17 offset=0 requested=256 bytes=244 user_pages=1 cross_page=false async=true
SLOPOS-SCHED: pid=2 state=blocked->runnable reason=io-complete
SLOPOS-SYSCALL: pid=2 abi=linux-x86_64 entry=syscall return=suspended nr=0 read fd=3 requested=256 user_pages=1 origin=cpl3
SLOPOS-VFS: process read complete pid=2 fd=3 inode=17 offset=244 requested=256 bytes=0 user_pages=1 cross_page=false async=true
SLOPOS-SCHED: pid=2 state=blocked->runnable reason=io-complete
SLOPOS-SYSCALL: pid=2 abi=linux-x86_64 entry=syscall return=suspended nr=3 close fd=3 origin=cpl3
SLOPOS-VFS: process close complete pid=2 fd=3 inode=17 async=false
SLOPOS-SCHED: pid=2 state=blocked->runnable reason=io-complete
SLOPOS-DESKTOP-SERVICE: policy submitted pid=2 generation=1 protocol=1 capabilities=waybar-provider/swww-policy/wayland-surface cpu=0 memory=36 wallpaper=aurora config_hashes=0xd34d4a92c88d065b/0xb6ea39f5fd14c33a
SLOPOS-SYSCALL: pid=2 abi=slopos-desktop-v1 entry=syscall return=sysretq nr=1397489665 commit_bytes=40 generation=1 origin=cpl3 result=0
SLOPOS-SYSCALL: pid=2 abi=slopos-desktop-v1 entry=syscall return=kernel nr=1397489666 wait_event=policy-applied after_generation=0 event_bytes=32 state=blocked origin=cpl3
SLOPOS-SWWW: policy applied owner_pid=2 image=/usr/share/backgrounds/slopos-aurora.ppm output=SLOPOS-1 transition=simple step=32 fps=30
SLOPOS-DESKTOP-SERVICE: policy applied generation=1 owner_pid=2 capabilities=waybar-provider/swww-policy/wayland-surface cpu=0 memory=36 wallpaper=/usr/share/backgrounds/slopos-aurora.ppm renderer=kernel-mechanism
SLOPOS-DESKTOP-SERVICE: policy acknowledged generation=1 owner_pid=2 event=policy-applied wake=block-task
SLOPOS-SCHED: pid=2 state=blocked->runnable reason=desktop-event event=policy-applied generation=1
SLOPOS-SYSCALL: pid=2 abi=linux-x86_64 entry=syscall return=sysretq nr=41 socket domain=AF_UNIX type=SOCK_STREAM protocol=0 fd=3 origin=cpl3
SLOPOS-IPC: AF_UNIX connected pid=2 path=/run/slopos/wayland-0 client=1:1 server=2:1 transport=bounded-stream
SLOPOS-SYSCALL: pid=2 abi=linux-x86_64 entry=syscall return=sysretq nr=42 connect fd=3 family=AF_UNIX path=/run/slopos/wayland-0 origin=cpl3 result=0
SLOPOS-SYSCALL: pid=2 abi=linux-x86_64 entry=syscall return=suspended nr=1 write fd=3 requested=12 user_pages=1 origin=cpl3
SLOPOS-IPC: process write complete pid=2 fd=3 family=AF_UNIX type=SOCK_STREAM operation=write requested=12 bytes=12 user_pages=1 async=true
SLOPOS-SCHED: pid=2 state=blocked->runnable reason=io-complete
SLOPOS-SYSCALL: pid=2 abi=linux-x86_64 entry=syscall return=suspended nr=0 read fd=3 requested=256 user_pages=1 origin=cpl3
SLOPOS-WAYLAND-SERVER: registry advertised pid=2 sequence=1 registry=2 globals=wl_compositor/wl_shm/wl_seat/wl_output/xdg_wm_base wire_bytes=156
SLOPOS-WAYLAND-SERVER: request received pid=2 transport=AF_UNIX/SOCK_STREAM path=/run/slopos/wayland-0 wire_bytes=12 scm_rights=false
SLOPOS-WAYLAND-SERVER: event sent pid=2 transport=AF_UNIX/SOCK_STREAM kind=1 sequence=1 wire_bytes=156 read_bytes=156 scm_rights=false
SLOPOS-IPC: process read complete pid=2 fd=3 family=AF_UNIX type=SOCK_STREAM requested=256 bytes=156 user_pages=1 async=true
SLOPOS-SCHED: pid=2 state=blocked->runnable reason=io-complete
SLOPOS-SYSCALL: pid=2 abi=linux-x86_64 entry=syscall return=suspended nr=1 write fd=3 requested=256 user_pages=1 origin=cpl3
SLOPOS-IPC: process write complete pid=2 fd=3 family=AF_UNIX type=SOCK_STREAM operation=write requested=256 bytes=256 user_pages=1 async=true
SLOPOS-SCHED: pid=2 state=blocked->runnable reason=io-complete
SLOPOS-SYSCALL: pid=2 abi=linux-x86_64 entry=syscall return=suspended nr=1 write fd=3 requested=52 user_pages=1 origin=cpl3
SLOPOS-IPC: process write complete pid=2 fd=3 family=AF_UNIX type=SOCK_STREAM operation=write requested=52 bytes=52 user_pages=1 async=true
SLOPOS-SCHED: pid=2 state=blocked->runnable reason=io-complete
SLOPOS-SYSCALL: pid=2 abi=linux-x86_64 entry=syscall return=suspended nr=47 recvmsg fd=3 requested=256 control_capacity=24 user_pages=1 origin=cpl3
SLOPOS-WAYLAND-SERVER: configure emitted pid=2 sequence=2 serial=1 seat=12 capabilities=pointer/keyboard pointer=14 keyboard=15 keymap=xkb_v1 keymap_bytes=3307 repeat=25/600 output=13 output_name=SLOPOS-1 mode=1024x768@60000 scale=1 shm=4 formats=argb8888/xrgb8888 xdg_surface=9 toplevel=10 geometry=32x24 states=empty wire_bytes=288
SLOPOS-WAYLAND-SERVER: request received pid=2 transport=AF_UNIX/SOCK_STREAM path=/run/slopos/wayland-0 wire_bytes=308 scm_rights=false
SLOPOS-WAYLAND-SERVER: event sent pid=2 transport=AF_UNIX/SOCK_STREAM kind=2 sequence=2 wire_bytes=288 read_bytes=256 scm_rights=true
SLOPOS-IPC: process recvmsg complete pid=2 fd=3 family=AF_UNIX type=SOCK_STREAM requested=256 bytes=256 control=SCM_RIGHTS rights_fd=4 user_pages=1 async=true
SLOPOS-SCHED: pid=2 state=blocked->runnable reason=io-complete
SLOPOS-SYSCALL: pid=1 abi=linux-x86_64 entry=syscall return=sysretq nr=8 lseek fd=3 offset=123 whence=0 async=false
SLOPOS-SYSCALL: pid=1 abi=linux-x86_64 entry=syscall return=suspended nr=1 write fd=3 requested=64 user_pages=2 origin=cpl3
SLOPOS-VFS: process write complete pid=1 fd=3 inode=31 offset=123 requested=64 bytes=64 user_pages=2 cross_page=true async=true flushed=true
SLOPOS-SCHED: pid=1 state=blocked->runnable reason=io-complete
SLOPOS-SYSCALL: pid=1 abi=linux-x86_64 entry=syscall return=sysretq nr=8 lseek fd=3 offset=123 whence=0 async=false
SLOPOS-SYSCALL: pid=1 abi=linux-x86_64 entry=syscall return=suspended nr=0 read fd=3 requested=64 user_pages=2 origin=cpl3
SLOPOS-VFS: process read complete pid=1 fd=3 inode=31 offset=123 requested=64 bytes=64 user_pages=2 cross_page=true async=true
SLOPOS-SCHED: pid=1 state=blocked->runnable reason=io-complete
SLOPOS-SYSCALL: pid=1 abi=linux-x86_64 entry=syscall return=sysretq nr=8 lseek fd=3 offset=123 whence=0 async=false
SLOPOS-SYSCALL: pid=1 abi=linux-x86_64 entry=syscall return=suspended nr=1 write fd=3 requested=64 user_pages=2 origin=cpl3
SLOPOS-VFS: process write complete pid=1 fd=3 inode=31 offset=123 requested=64 bytes=64 user_pages=2 cross_page=true async=true flushed=true
SLOPOS-SCHED: pid=1 state=blocked->runnable reason=io-complete
SLOPOS-SYSCALL: pid=1 abi=linux-x86_64 entry=syscall return=sysretq nr=8 lseek fd=3 offset=123 whence=0 async=false
SLOPOS-SYSCALL: pid=1 abi=linux-x86_64 entry=syscall return=suspended nr=0 read fd=3 requested=64 user_pages=2 origin=cpl3
SLOPOS-VFS: process read complete pid=1 fd=3 inode=31 offset=123 requested=64 bytes=64 user_pages=2 cross_page=true async=true
SLOPOS-SCHED: pid=1 state=blocked->runnable reason=io-complete
SLOPOS-SYSCALL: pid=1 abi=linux-x86_64 entry=syscall return=suspended nr=3 close fd=3 origin=cpl3
SLOPOS-VFS: process close complete pid=1 fd=3 inode=31 async=false
SLOPOS-SCHED: pid=1 state=blocked->runnable reason=io-complete
SLOPOS-SYSCALL: pid=1 abi=linux-x86_64 entry=syscall return=sysretq nr=1 write fd=1 bytes=18 origin=cpl3 result=18
SLOPOS-SYSCALL: pid=1 abi=linux-x86_64 entry=syscall return=kernel nr=61 wait4 child=any state=blocked origin=cpl3
SLOPOS-SCHED: cooperative switch from=1 to=2 next_state=Runnable independent_cr3=true
SLOPOS-SYSCALL: pid=2 abi=linux-x86_64 entry=syscall return=suspended nr=0 read fd=3 requested=32 user_pages=1 origin=cpl3
SLOPOS-IPC: process read complete pid=2 fd=3 family=AF_UNIX type=SOCK_STREAM requested=32 bytes=32 user_pages=1 async=true
SLOPOS-SCHED: pid=2 state=blocked->runnable reason=io-complete
SLOPOS-SYSCALL: pid=2 abi=linux-x86_64 entry=syscall return=suspended nr=0 read fd=4 requested=256 user_pages=1 origin=cpl3
SLOPOS-IPC: process read complete pid=2 fd=4 object=memfd shared=0:1 offset=0 requested=256 bytes=256 object_bytes=3307 user_pages=1 async=false
SLOPOS-SCHED: pid=2 state=blocked->runnable reason=io-complete
SLOPOS-SYSCALL: pid=2 abi=linux-x86_64 entry=syscall return=suspended nr=0 read fd=4 requested=256 user_pages=1 origin=cpl3
SLOPOS-IPC: process read complete pid=2 fd=4 object=memfd shared=0:1 offset=256 requested=256 bytes=256 object_bytes=3307 user_pages=1 async=false
SLOPOS-SCHED: pid=2 state=blocked->runnable reason=io-complete
SLOPOS-SYSCALL: pid=2 abi=linux-x86_64 entry=syscall return=suspended nr=0 read fd=4 requested=256 user_pages=1 origin=cpl3
SLOPOS-IPC: process read complete pid=2 fd=4 object=memfd shared=0:1 offset=512 requested=256 bytes=256 object_bytes=3307 user_pages=1 async=false
SLOPOS-SCHED: pid=2 state=blocked->runnable reason=io-complete
SLOPOS-SYSCALL: pid=2 abi=linux-x86_64 entry=syscall return=suspended nr=0 read fd=4 requested=256 user_pages=1 origin=cpl3
SLOPOS-IPC: process read complete pid=2 fd=4 object=memfd shared=0:1 offset=768 requested=256 bytes=256 object_bytes=3307 user_pages=1 async=false
SLOPOS-SCHED: pid=2 state=blocked->runnable reason=io-complete
SLOPOS-SYSCALL: pid=2 abi=linux-x86_64 entry=syscall return=suspended nr=0 read fd=4 requested=256 user_pages=1 origin=cpl3
SLOPOS-IPC: process read complete pid=2 fd=4 object=memfd shared=0:1 offset=1024 requested=256 bytes=256 object_bytes=3307 user_pages=1 async=false
SLOPOS-SCHED: pid=2 state=blocked->runnable reason=io-complete
SLOPOS-SYSCALL: pid=2 abi=linux-x86_64 entry=syscall return=suspended nr=0 read fd=4 requested=256 user_pages=1 origin=cpl3
SLOPOS-IPC: process read complete pid=2 fd=4 object=memfd shared=0:1 offset=1280 requested=256 bytes=256 object_bytes=3307 user_pages=1 async=false
SLOPOS-SCHED: pid=2 state=blocked->runnable reason=io-complete
SLOPOS-SYSCALL: pid=2 abi=linux-x86_64 entry=syscall return=suspended nr=0 read fd=4 requested=256 user_pages=1 origin=cpl3
SLOPOS-IPC: process read complete pid=2 fd=4 object=memfd shared=0:1 offset=1536 requested=256 bytes=256 object_bytes=3307 user_pages=1 async=false
SLOPOS-SCHED: pid=2 state=blocked->runnable reason=io-complete
SLOPOS-SYSCALL: pid=2 abi=linux-x86_64 entry=syscall return=suspended nr=0 read fd=4 requested=256 user_pages=1 origin=cpl3
SLOPOS-IPC: process read complete pid=2 fd=4 object=memfd shared=0:1 offset=1792 requested=256 bytes=256 object_bytes=3307 user_pages=1 async=false
SLOPOS-SCHED: pid=2 state=blocked->runnable reason=io-complete
SLOPOS-SYSCALL: pid=2 abi=linux-x86_64 entry=syscall return=suspended nr=0 read fd=4 requested=256 user_pages=1 origin=cpl3
SLOPOS-IPC: process read complete pid=2 fd=4 object=memfd shared=0:1 offset=2048 requested=256 bytes=256 object_bytes=3307 user_pages=1 async=false
SLOPOS-SCHED: pid=2 state=blocked->runnable reason=io-complete
SLOPOS-SYSCALL: pid=2 abi=linux-x86_64 entry=syscall return=suspended nr=0 read fd=4 requested=256 user_pages=1 origin=cpl3
SLOPOS-IPC: process read complete pid=2 fd=4 object=memfd shared=0:1 offset=2304 requested=256 bytes=256 object_bytes=3307 user_pages=1 async=false
SLOPOS-SCHED: pid=2 state=blocked->runnable reason=io-complete
SLOPOS-SYSCALL: pid=2 abi=linux-x86_64 entry=syscall return=suspended nr=0 read fd=4 requested=256 user_pages=1 origin=cpl3
SLOPOS-IPC: process read complete pid=2 fd=4 object=memfd shared=0:1 offset=2560 requested=256 bytes=256 object_bytes=3307 user_pages=1 async=false
SLOPOS-SCHED: pid=2 state=blocked->runnable reason=io-complete
SLOPOS-SYSCALL: pid=2 abi=linux-x86_64 entry=syscall return=suspended nr=0 read fd=4 requested=256 user_pages=1 origin=cpl3
SLOPOS-IPC: process read complete pid=2 fd=4 object=memfd shared=0:1 offset=2816 requested=256 bytes=256 object_bytes=3307 user_pages=1 async=false
SLOPOS-SCHED: pid=2 state=blocked->runnable reason=io-complete
SLOPOS-SYSCALL: pid=2 abi=linux-x86_64 entry=syscall return=suspended nr=0 read fd=4 requested=235 user_pages=1 origin=cpl3
SLOPOS-IPC: process read complete pid=2 fd=4 object=memfd shared=0:1 offset=3072 requested=235 bytes=235 object_bytes=3307 user_pages=1 async=false
SLOPOS-SCHED: pid=2 state=blocked->runnable reason=io-complete
SLOPOS-SYSCALL: pid=2 abi=linux-x86_64 entry=syscall return=suspended nr=0 read fd=4 requested=1 user_pages=1 origin=cpl3
SLOPOS-IPC: process read complete pid=2 fd=4 object=memfd shared=0:1 offset=3307 requested=1 bytes=0 object_bytes=3307 user_pages=1 async=false
SLOPOS-SCHED: pid=2 state=blocked->runnable reason=io-complete
SLOPOS-SYSCALL: pid=2 abi=linux-x86_64 entry=syscall return=suspended nr=3 close fd=4 origin=cpl3
SLOPOS-IPC: process close complete pid=2 fd=4 object=memfd shared=0:1 async=false
SLOPOS-SCHED: pid=2 state=blocked->runnable reason=io-complete
SLOPOS-SYSCALL: pid=2 abi=linux-x86_64 entry=syscall return=sysretq nr=319 memfd_create name=slopos-wayland-shm flags=0 fd=4 object=1:1 origin=cpl3
SLOPOS-SYSCALL: pid=2 abi=linux-x86_64 entry=syscall return=sysretq nr=77 ftruncate fd=4 bytes=3072 object=1:1 origin=cpl3 result=0
SLOPOS-SYSCALL: pid=2 abi=linux-x86_64 entry=syscall return=sysretq nr=9 mmap address=0x40007000 bytes=4096 prot=read/write flags=MAP_SHARED fd=4 offset=0 object=1:1 object_bytes=3072 physical=0x246000 origin=cpl3
SLOPOS-SYSCALL: pid=2 abi=linux-x86_64 entry=syscall return=suspended nr=46 sendmsg fd=3 requested=148 control=SCM_RIGHTS rights_fd=4 user_pages=1 origin=cpl3
SLOPOS-IPC: process write complete pid=2 fd=3 family=AF_UNIX type=SOCK_STREAM operation=sendmsg/SCM_RIGHTS requested=148 bytes=148 user_pages=1 async=true
SLOPOS-SCHED: pid=2 state=blocked->runnable reason=io-complete
SLOPOS-SYSCALL: pid=2 abi=linux-x86_64 entry=syscall return=suspended nr=0 read fd=3 requested=256 user_pages=1 origin=cpl3
SLOPOS-WAYLAND-SERVER: commit accepted pid=2 generation=1 transport=AF_UNIX/SOCK_STREAM backing=SCM_RIGHTS/mmap-shared-v1 lifecycle=registry/configure/ack-configure objects=registry/compositor/shm/seat/pointer/keyboard/output/xdg_toplevel surface=6 buffer=8 callback=11 seat=12 pointer=14 keyboard=15 output=13 geometry=32x24 stride=128 format=1 title="SlopOS Userspace" app_id=slopos-system wire_bytes=148 pixel_bytes=3072
SLOPOS-WAYLAND-SERVER: request received pid=2 transport=AF_UNIX/SOCK_STREAM path=/run/slopos/wayland-0 wire_bytes=148 scm_rights=true
SLOPOS-WAYLAND-SERVER: commit acknowledged generation=1 renderer=desktop active_bank=0 event_sequence=3 events=wl_pointer.enter/wl_keyboard.enter/wl_buffer.release/wl_callback.done/wl_display.delete_id callback_data=1
SLOPOS-WAYLAND-COMPOSITOR: surface rendered generation=1 owner_pid=2 app_id=slopos-system title="SlopOS Userspace" geometry=32x24 destination=system-window scale=3 buffer_format=xrgb8888 frame_callback=11
SLOPOS-WAYLAND-SERVER: event sent pid=2 transport=AF_UNIX/SOCK_STREAM kind=3 sequence=3 wire_bytes=76 read_bytes=76 scm_rights=false
SLOPOS-IPC: process read complete pid=2 fd=3 family=AF_UNIX type=SOCK_STREAM requested=256 bytes=76 user_pages=1 async=true
SLOPOS-SCHED: pid=2 state=blocked->runnable reason=io-complete
SLOPOS-SYSCALL: pid=2 abi=linux-x86_64 entry=syscall return=suspended nr=1 write fd=3 requested=64 user_pages=1 origin=cpl3
SLOPOS-IPC: process write complete pid=2 fd=3 family=AF_UNIX type=SOCK_STREAM operation=write requested=64 bytes=64 user_pages=1 async=true
SLOPOS-SCHED: pid=2 state=blocked->runnable reason=io-complete
SLOPOS-SYSCALL: pid=2 abi=linux-x86_64 entry=syscall return=suspended nr=0 read fd=3 requested=256 user_pages=1 origin=cpl3
SLOPOS-WAYLAND-SERVER: commit accepted pid=2 generation=2 transport=AF_UNIX/SOCK_STREAM backing=SCM_RIGHTS/mmap-shared-v1 lifecycle=configured-buffer-reuse objects=registry/compositor/shm/seat/pointer/keyboard/output/xdg_toplevel surface=6 buffer=8 callback=11 seat=12 pointer=14 keyboard=15 output=13 geometry=32x24 stride=128 format=1 title="SlopOS Userspace" app_id=slopos-system wire_bytes=64 pixel_bytes=3072
SLOPOS-WAYLAND-SERVER: request received pid=2 transport=AF_UNIX/SOCK_STREAM path=/run/slopos/wayland-0 wire_bytes=64 scm_rights=false
SLOPOS-WAYLAND-SERVER: commit acknowledged generation=2 renderer=desktop active_bank=1 event_sequence=4 events=wl_buffer.release/wl_callback.done/wl_display.delete_id callback_data=2
SLOPOS-WAYLAND-COMPOSITOR: surface rendered generation=2 owner_pid=2 app_id=slopos-system title="SlopOS Userspace" geometry=32x24 destination=system-window scale=3 buffer_format=xrgb8888 frame_callback=11
SLOPOS-WAYLAND-SERVER: event sent pid=2 transport=AF_UNIX/SOCK_STREAM kind=3 sequence=4 wire_bytes=32 read_bytes=32 scm_rights=false
SLOPOS-IPC: process read complete pid=2 fd=3 family=AF_UNIX type=SOCK_STREAM requested=256 bytes=32 user_pages=1 async=true
SLOPOS-SCHED: pid=2 state=blocked->runnable reason=io-complete
SLOPOS-SYSCALL: pid=2 abi=linux-x86_64 entry=syscall return=suspended nr=3 close fd=4 origin=cpl3
SLOPOS-IPC: process close complete pid=2 fd=4 object=memfd shared=1:1 async=false
SLOPOS-SCHED: pid=2 state=blocked->runnable reason=io-complete
SLOPOS-SYSCALL: pid=2 abi=linux-x86_64 entry=syscall return=sysretq nr=1 write fd=1 bytes=28 origin=cpl3 result=28
SLOPOS-SYSCALL: pid=2 abi=slopos-desktop-v1 entry=syscall return=kernel nr=1397489666 wait_event=config-applied after_generation=0 event_bytes=32 state=blocked origin=cpl3
SLOPOS-PROCESS: userspace runtime parked init=wait4 desktop=config-applied after_generation=0 resources=retained
SLOPOS-EXT4: superblock valid label=SLOPOS_ROOT block_size=4096 blocks=65536 inodes=32 groups=2 features=0x103c/0x22c2/0x46b
SLOPOS-EXT4: root directory valid group_inode_table=37 inode=2 extent_block=39 entries=6 etc_inode=13 lost_found_inode=11 metadata_checksums=group/inode/directory
SLOPOS-EXT4: group descriptor valid group=1 inode_table=38
SLOPOS-EXT4: group descriptor valid group=1 inode_table=38
SLOPOS-EXT4: group descriptor valid group=1 inode_table=38
SLOPOS-CONFIG: VFS load published initial=true generation=1 atomic=true paths=/etc/slopos/niri.kdl,/etc/slopos/waybar.jsonc,/etc/slopos/waybar.css,/etc/slopos/swww.env
SLOPOS-NIRI: window rule app_id=slopos-config property=open-focused value=false applied=true workspace=2 activated=false source=config
SLOPOS-WAYBAR: geometry position=top x=0 y=0 width=1024 height=40 margin=0/0/0/0 spacing=10 fixed_center=true layer=bottom mode=default exclusive=true passthrough=false visible=true reserved_top=40 source=config
SLOPOS-WAYBAR: layout configured_width=0 no_center=false expand=false/false/false name=- namespace=waybar source=config
SLOPOS-WAYBAR: output name=SLOPOS-1 identifier="SlopOS Virtual Display 0x00000001" selector=any entries=0 selected=true source=config
SLOPOS-WAYBAR: output-dimensions width=1024 height=768 selector=any entries=0 selected=true source=config
SLOPOS-WAYBAR: modifier-reset strategy=press active=false source=config
SLOPOS-DESKTOP-SERVICE: config acknowledged generation=1 event=config-applied wake=block-task
SLOPOS-CONFIG: reload applied generation=1 atomic=true niri=/etc/slopos/niri.kdl waybar=/etc/slopos/waybar.jsonc style=/etc/slopos/waybar.css swww=/etc/slopos/swww.env workspaces=3 module_configs=6 css_rules=12
SLOPOS-EXT4: group descriptor valid group=1 inode_table=38
SLOPOS-EXT4: group descriptor valid group=1 inode_table=38
SLOPOS-EXT4: async path read valid release_inode=21 release_bytes=40 config_inode=18 config_bytes=76 paths=/etc/slopos-release,/etc/slopos/system.conf
SLOPOS-EXT4: group descriptor valid group=1 inode_table=38
SLOPOS-EXT4: group descriptor valid group=1 inode_table=38
SLOPOS-EXT4: group descriptor valid group=1 inode_table=38
SLOPOS-EXT4: group descriptor valid group=1 inode_table=38
SLOPOS-EXT4: multiblock file valid inode=30 inode_group=1 bytes=6144 logical_blocks=2 format=PNG ancillary_padding=valid path=/usr/share/slopos/vfs-wallpaper.png
SLOPOS-EXT4: group descriptor valid group=1 inode_table=38
SLOPOS-EXT4: group descriptor valid group=1 inode_table=38
SLOPOS-EXT4: group descriptor valid group=1 inode_table=38
SLOPOS-EXT4: group descriptor valid group=1 inode_table=38
SLOPOS-EXT4: depth-one extent valid inode=28 leaf_block=107 logical_block=8 bytes=4096 metadata_checksum=valid path=/usr/share/slopos/deep-extent.bin
SLOPOS-EXT4: sparse read valid inode=28 logical_block=7 zero_bytes=4096
SLOPOS-EXT4: group descriptor valid group=1 inode_table=38
SLOPOS-EXT4: group descriptor valid group=1 inode_table=38
SLOPOS-EXT4: group descriptor valid group=1 inode_table=38
SLOPOS-EXT4: group descriptor valid group=1 inode_table=38
SLOPOS-EXT4: group descriptor valid group=1 inode_table=38
SLOPOS-EXT4: cross-block directory valid directory_inode=29 directory_blocks=2 entry_block=1 target_inode=21 target_bytes=40 metadata_checksums=valid path=/usr/share/slopos/large-directory/tail-29
SLOPOS-EXT4: group descriptor valid group=1 inode_table=38
SLOPOS-EXT4: fast symlink valid link_inode=14 target_inode=21 target_bytes=40 target=slopos-release path=/etc/current-release
SLOPOS-EXT4: group descriptor valid group=1 inode_table=38
SLOPOS-VFS: namespace valid mounts=1 root_fs=1 fd=3 inode=18 bytes=76 chunk_reads=5 seek_offset=7 seek_bytes=11
SLOPOS-EXT4: group descriptor valid group=1 inode_table=38
SLOPOS-EXT4: group descriptor valid group=1 inode_table=38
SLOPOS-EXT4: group descriptor valid group=1 inode_table=38
SLOPOS-EXT4: group descriptor valid group=1 inode_table=38
SLOPOS-VFS: writable descriptor valid fd=3 inode=31 physical_block=119 offset=123 bytes=73 writes=2 flushes=2 cache_invalidations=2 restored=true path=/usr/share/slopos/write-probe.bin
SLOPOS-EXT4: journal superblock valid inode=8 physical_block=32801 blocks=4096 first=1 sequence=2 start=0 users=1 features=0x0/0x0/0x0 uuid=match endian=big
SLOPOS-EXT4: journal records staged sequence=2 target_block=119 descriptor_block=32802 data_block=32803 commit_block=32804 writes=6 flushes=3 verified=true restored=true active=false
SLOPOS-EXT4: journal state transition recovery=true sequence=2 start=1 readback=valid checkpoint_start=0 restored=true transactions=0 writes=4 flushes=4
SLOPOS-EXT4: active journal transaction valid sequence=2 target_block=119 recovery=true start=1 records=descriptor/data/commit replayable_readback=true home_checkpointed=true next_sequence=3 test_sequence_rewound=true restored=true writes=13 flushes=10
SLOPOS-EXT4: group descriptor valid group=1 inode_table=38
SLOPOS-EXT4: group descriptor valid group=1 inode_table=38
SLOPOS-EXT4: group descriptor valid group=1 inode_table=38
SLOPOS-EXT4: metadata journal transactions valid inode=31 inode_table_block=38 size=4095/4096 checksums=valid transactions=2 sequences=2/3 final_sequence=4 test_sequence_rewound=true restored=true writes=23 flushes=17
SLOPOS-EXT4: group descriptor valid group=1 inode_table=38
SLOPOS-EXT4: group descriptor valid group=1 inode_table=38
SLOPOS-EXT4: group descriptor valid group=1 inode_table=38
SLOPOS-EXT4: fd append journal transactions valid fd=3 inode=31 block=120 bitmap_block=33 group_descriptor_block=1 inode_table_block=38 append_bytes=4096 size=4096/8192/4096 extent_blocks=1/2/1 checksums=superblock/group/bitmap/inode/data transactions=2 sequences=2/3 final_sequence=4 test_sequence_rewound=true restored=true
SLOPOS-EXT4: group descriptor valid group=1 inode_table=38
SLOPOS-EXT4: group descriptor valid group=1 inode_table=38
SLOPOS-EXT4: group descriptor valid group=1 inode_table=38
SLOPOS-EXT4: group descriptor valid group=1 inode_table=38
SLOPOS-EXT4: group descriptor valid group=1 inode_table=38
SLOPOS-EXT4: group descriptor valid group=1 inode_table=38
SLOPOS-EXT4: group descriptor valid group=1 inode_table=38
SLOPOS-EXT4: VFS create journal transactions valid fd=3 inode=32 parent_inode=27 inode_bitmap_block=36 group_descriptor_block=1 inode_table_block=38 directory_block=105 free_inodes=1/0/1 size=0 access=readwrite checksums=superblock/group/bitmap/inode/directory transactions=2 sequences=2/3 final_sequence=4 test_sequence_rewound=true restored=true path=/usr/share/slopos/create-probe
SLOPOS-FS: block cache entries=8 hits=159 misses=131 batched_pairs=1 invalidations=20
SLOPOS-VIRTIO: bounded block sequence complete requests=546 max_in_flight=2 interrupts=545 queue_interrupts=545
SLOPOS-SCHED: pid=2 state=blocked->runnable reason=desktop-event event=config-applied generation=1
SLOPOS-SYSCALL: pid=2 abi=linux-x86_64 entry=syscall return=suspended nr=257 openat dirfd=-100 flags=0 path=/etc/slopos/waybar.jsonc origin=cpl3
SLOPOS-EXT4: group descriptor valid group=1 inode_table=38
SLOPOS-VFS: process open complete pid=2 fd=4 inode=20 bytes=904 access=readonly async=true path=/etc/slopos/waybar.jsonc
SLOPOS-SCHED: pid=2 state=blocked->runnable reason=io-complete
SLOPOS-SYSCALL: pid=2 abi=linux-x86_64 entry=syscall return=suspended nr=0 read fd=4 requested=256 user_pages=1 origin=cpl3
SLOPOS-VFS: process read complete pid=2 fd=4 inode=20 offset=0 requested=256 bytes=256 user_pages=1 cross_page=false async=true
SLOPOS-SCHED: pid=2 state=blocked->runnable reason=io-complete
SLOPOS-SYSCALL: pid=2 abi=linux-x86_64 entry=syscall return=suspended nr=0 read fd=4 requested=256 user_pages=1 origin=cpl3
SLOPOS-VFS: process read complete pid=2 fd=4 inode=20 offset=256 requested=256 bytes=256 user_pages=1 cross_page=false async=true
SLOPOS-SCHED: pid=2 state=blocked->runnable reason=io-complete
SLOPOS-SYSCALL: pid=2 abi=linux-x86_64 entry=syscall return=suspended nr=0 read fd=4 requested=256 user_pages=1 origin=cpl3
SLOPOS-VFS: process read complete pid=2 fd=4 inode=20 offset=512 requested=256 bytes=256 user_pages=1 cross_page=false async=true
SLOPOS-SCHED: pid=2 state=blocked->runnable reason=io-complete
SLOPOS-SYSCALL: pid=2 abi=linux-x86_64 entry=syscall return=suspended nr=0 read fd=4 requested=256 user_pages=1 origin=cpl3
SLOPOS-VFS: process read complete pid=2 fd=4 inode=20 offset=768 requested=256 bytes=136 user_pages=1 cross_page=false async=true
SLOPOS-SCHED: pid=2 state=blocked->runnable reason=io-complete
SLOPOS-SYSCALL: pid=2 abi=linux-x86_64 entry=syscall return=suspended nr=0 read fd=4 requested=256 user_pages=1 origin=cpl3
SLOPOS-VFS: process read complete pid=2 fd=4 inode=20 offset=904 requested=256 bytes=0 user_pages=1 cross_page=false async=true
SLOPOS-SCHED: pid=2 state=blocked->runnable reason=io-complete
SLOPOS-SYSCALL: pid=2 abi=linux-x86_64 entry=syscall return=suspended nr=3 close fd=4 origin=cpl3
SLOPOS-VFS: process close complete pid=2 fd=4 inode=20 async=false
SLOPOS-SCHED: pid=2 state=blocked->runnable reason=io-complete
SLOPOS-SYSCALL: pid=2 abi=linux-x86_64 entry=syscall return=suspended nr=257 openat dirfd=-100 flags=0 path=/etc/slopos/swww.env origin=cpl3
SLOPOS-EXT4: group descriptor valid group=1 inode_table=38
SLOPOS-VFS: process open complete pid=2 fd=4 inode=17 bytes=244 access=readonly async=true path=/etc/slopos/swww.env
SLOPOS-SCHED: pid=2 state=blocked->runnable reason=io-complete
SLOPOS-SYSCALL: pid=2 abi=linux-x86_64 entry=syscall return=suspended nr=0 read fd=4 requested=256 user_pages=1 origin=cpl3
SLOPOS-VFS: process read complete pid=2 fd=4 inode=17 offset=0 requested=256 bytes=244 user_pages=1 cross_page=false async=true
SLOPOS-SCHED: pid=2 state=blocked->runnable reason=io-complete
SLOPOS-SYSCALL: pid=2 abi=linux-x86_64 entry=syscall return=suspended nr=0 read fd=4 requested=256 user_pages=1 origin=cpl3
SLOPOS-VFS: process read complete pid=2 fd=4 inode=17 offset=244 requested=256 bytes=0 user_pages=1 cross_page=false async=true
SLOPOS-SCHED: pid=2 state=blocked->runnable reason=io-complete
SLOPOS-SYSCALL: pid=2 abi=linux-x86_64 entry=syscall return=suspended nr=3 close fd=4 origin=cpl3
SLOPOS-VFS: process close complete pid=2 fd=4 inode=17 async=false
SLOPOS-SCHED: pid=2 state=blocked->runnable reason=io-complete
SLOPOS-DESKTOP-SERVICE: policy submitted pid=2 generation=2 protocol=1 capabilities=waybar-provider/swww-policy/wayland-surface cpu=0 memory=36 wallpaper=aurora config_hashes=0xd34d4a92c88d065b/0xb6ea39f5fd14c33a
SLOPOS-SYSCALL: pid=2 abi=slopos-desktop-v1 entry=syscall return=sysretq nr=1397489665 commit_bytes=40 generation=2 origin=cpl3 result=0
SLOPOS-SYSCALL: pid=2 abi=slopos-desktop-v1 entry=syscall return=kernel nr=1397489666 wait_event=policy-applied after_generation=1 event_bytes=32 state=blocked origin=cpl3
SLOPOS-DESKTOP-SERVICE: policy applied generation=2 owner_pid=2 capabilities=waybar-provider/swww-policy/wayland-surface cpu=0 memory=36 wallpaper=/usr/share/backgrounds/slopos-aurora.ppm renderer=kernel-mechanism
SLOPOS-DESKTOP-SERVICE: policy acknowledged generation=2 owner_pid=2 event=policy-applied wake=block-task
SLOPOS-SCHED: pid=2 state=blocked->runnable reason=desktop-event event=policy-applied generation=2
SLOPOS-SYSCALL: pid=2 abi=slopos-desktop-v1 entry=syscall return=kernel nr=1397489666 wait_event=config-applied after_generation=1 event_bytes=32 state=blocked origin=cpl3
SLOPOS-PROCESS: desktop service parked event=config-applied after_generation=1 init=wait4 resources=retained
SLOPOS-ASYNC: timer future completed tick=101 input_dropped=0 virtio_interrupts=551/551
SLOPOS-ASYNC: timer future completed tick=601 input_dropped=0 virtio_interrupts=551/551
SLOPOS-ASYNC: timer future completed tick=1101 input_dropped=0 virtio_interrupts=551/551
SLOPOS-ASYNC: timer future completed tick=1601 input_dropped=0 virtio_interrupts=551/551
SLOPOS-ASYNC: timer future completed tick=2101 input_dropped=0 virtio_interrupts=551/551
SLOPOS-ASYNC: timer future completed tick=2601 input_dropped=0 virtio_interrupts=551/551
SLOPOS-ASYNC: timer future completed tick=3101 input_dropped=0 virtio_interrupts=551/551
SLOPOS-ASYNC: timer future completed tick=3601 input_dropped=0 virtio_interrupts=551/551
