[2J[01;01H[=3h[2J[01;01H[2J[01;01H[=3h[2J[01;01H[2J[01;01H[=3h[2J[01;01HBdsDxe: loading Boot0001 "UEFI Non-Block Boot Device" from PciRoot(0x0)/Pci(0x3,0x0)
BdsDxe: starting Boot0001 "UEFI Non-Block Boot Device" from PciRoot(0x0)/Pci(0x3,0x0)
SLOPOS-UEFI: loader entered
SLOPOS-UEFI: raw protocol layer initialized
SLOPOS-UEFI: ACPI RSDP=0xf77e014
SLOPOS-UEFI: GOP 1024x768 stride=1024 base=0x80000000
SLOPOS-UEFI: kernel file loaded bytes=433856
SLOPOS-UEFI: kernel mapped 0x4000000..0x405a000 entry=0x4000000
SLOPOS-UEFI: initrd loaded bytes=186 base=0xe612000
SLOPOS-UEFI: user ELF loaded bytes=26200 base=0xdf47000
SLOPOS-UEFI: Boot Services exited descriptors=118
SLOPOS-UEFI: transferring control to kernel
SLOPOS-KERNEL: entry reached
SLOPOS-KERNEL: boot info valid memory_descriptors=118
SLOPOS-ACPI: XSDT MADT validated cpus=1 lapic=0xfee00000 ioapics=1 overrides=5 irq11=11/13
SLOPOS-KERNEL: initrd available base=0xe612000 bytes=186
SLOPOS-KERNEL: user ELF available base=0xdf47000 bytes=26200
SLOPOS-PCI: mechanism1 devices=8 virtio=2 esp=00:03.0 root=00:04.0 id=1001 caps=0x1e irq=10
SLOPOS-PCI: bars=00006001/81085000/00000000/00000000/0000400c/000000c0 regions=0xc000004000/0xc000007000/0xc000005000/0xc000006000
SLOPOS-MM: frame allocator initialized regions=8 free_frames=52936 probe=0x100000
SLOPOS-MM: CR3 switched root=0x101000 table_frames=7 huge_pages=517
SLOPOS-MM: kernel heap initialized base=0x108000 bytes=1048576 probe=0x108000
SLOPOS-EBPF: verifier accepted instructions=5 interpreter_result=42
SLOPOS-KERNEL: framebuffer ownership accepted 1024x768
SLOPOS-INPUT: PS/2 keyboard and mouse IRQ queue armed
SLOPOS-INTERRUPT: GDT IDT LAPIC IOAPIC PIT initialized timer_hz=100 lapic_id=0 ioapic_id=0 redirections=24 routes=2/1/12/10
SLOPOS-SHELL: config loaded niri_workspaces=3 named=2 binds=7 rules=1 active_columns=2 gaps=16 default_width=50% center=never waybar_position=top height=40 spacing=10 modules=1/1/4 module_configs=6 css_rules=12
SLOPOS-WAYBAR: formats active workspace={value} window={title} cpu="CPU {usage}%" memory="MEM {percentage}%" intervals=5/10/30/60 css=foreground/background/padding/margin/border-bottom
SLOPOS-SWWW: daemon=running output=SLOPOS-1 geometry=1024x768 image=/usr/share/backgrounds/slopos-aurora.ppm transition=simple step=32 fps=30
SLOPOS-DESKTOP: interactive compositor loop entered windows=3
SLOPOS-DESKTOP: terminal, system monitor, and configuration windows ready
SLOPOS-ASYNC: executor entered tasks=3
SLOPOS-VIRTIO: modern block queue ready size=8 capacity_sectors=524288 flush=true
SLOPOS-EXT4: group descriptor valid group=1 inode_table=38
SLOPOS-EXT4: group descriptor valid group=1 inode_table=38
SLOPOS-VFS: executable loaded path=/sbin/slop-init inode=23 bytes=26200 blocks=7 matches_boot=true
SLOPOS-EXT4: group descriptor valid group=1 inode_table=38
SLOPOS-EXT4: group descriptor valid group=1 inode_table=38
SLOPOS-VFS: executable loaded path=/sbin/slop-worker inode=24 bytes=25488 blocks=7 matches_boot=not-required
SLOPOS-PROCESS: pid=1 parent=0 source=vfs path=/sbin/slop-init argv1=--system format=elf64 entry=0x40000000 segments=1 file_bytes=26200 load_bytes=2464 memory_bytes=2464 address_space=0x21b000 user_code=0x40000000 user_stack=0x40003000 code_frame=0x21f000 stack_frames=0x220000/0x221000 code=user-readonly stack=user-writable kernel=supervisor
SLOPOS-PROCESS: pid=1 initial_stack abi=linux-x86_64 rsp=0x40002ec0 aligned=16 stack_pages=2 argc=2 argv0=/sbin/slop-init argv1=--system envc=3 auxv_pairs=9 bytes=320
SLOPOS-PROCESS: pid=2 parent=1 source=vfs path=/sbin/slop-worker argv1=--probe format=elf64 entry=0x40000000 segments=1 file_bytes=25488 load_bytes=1744 memory_bytes=1744 address_space=0x222000 user_code=0x40000000 user_stack=0x40003000 code_frame=0x226000 stack_frames=0x227000/0x228000 code=user-readonly stack=user-writable kernel=supervisor
SLOPOS-PROCESS: pid=2 initial_stack abi=linux-x86_64 rsp=0x40002ec0 aligned=16 stack_pages=2 argc=2 argv0=/sbin/slop-worker argv1=--probe envc=3 auxv_pairs=9 bytes=320
SLOPOS-PROCESS: table initialized capacity=4 processes=2 pids=1/2 states=ready/ready fd_capacity=8 per_process_fds=true
SLOPOS-SYSCALL: fast path ready instruction=syscall return=sysretq star=0x10000800000000 lstar=0x400135e fmask=0x47700 efer_sce=true
SLOPOS-SYSCALL: pid=1 abi=linux-x86_64 entry=syscall return=kernel nr=24 sched_yield state=runnable origin=cpl3
SLOPOS-SCHED: cooperative switch from=1 to=2 next_state=Ready independent_cr3=true
SLOPOS-SYSCALL: pid=2 abi=linux-x86_64 entry=syscall return=kernel nr=24 sched_yield state=runnable origin=cpl3
SLOPOS-SCHED: cooperative switch from=2 to=1 next_state=Runnable independent_cr3=true
SLOPOS-SYSCALL: pid=1 abi=linux-x86_64 entry=syscall return=suspended nr=257 openat dirfd=-100 flags=0 path=/etc/slopos/system.conf origin=cpl3
SLOPOS-EXT4: group descriptor valid group=1 inode_table=38
SLOPOS-VFS: process open complete pid=1 fd=3 inode=18 bytes=76 access=readonly async=true path=/etc/slopos/system.conf
SLOPOS-SCHED: pid=1 state=blocked->runnable reason=io-complete
SLOPOS-SYSCALL: pid=1 abi=linux-x86_64 entry=syscall return=suspended nr=0 read fd=3 requested=76 user_pages=1 origin=cpl3
SLOPOS-VFS: process read complete pid=1 fd=3 inode=18 offset=0 requested=76 bytes=76 user_pages=1 cross_page=false async=true
SLOPOS-SCHED: pid=1 state=blocked->runnable reason=io-complete
SLOPOS-SYSCALL: pid=1 abi=linux-x86_64 entry=syscall return=suspended nr=3 close fd=3 origin=cpl3
SLOPOS-VFS: process close complete pid=1 fd=3 inode=18 async=false
SLOPOS-SCHED: pid=1 state=blocked->runnable reason=io-complete
SLOPOS-SYSCALL: pid=1 abi=linux-x86_64 entry=syscall return=suspended nr=257 openat dirfd=-100 flags=2 path=/usr/share/slopos/write-probe.bin origin=cpl3
SLOPOS-EXT4: group descriptor valid group=1 inode_table=38
SLOPOS-EXT4: group descriptor valid group=1 inode_table=38
SLOPOS-EXT4: group descriptor valid group=1 inode_table=38
SLOPOS-EXT4: group descriptor valid group=1 inode_table=38
SLOPOS-VFS: process open complete pid=1 fd=3 inode=31 bytes=4096 access=readwrite async=true path=/usr/share/slopos/write-probe.bin
SLOPOS-SCHED: pid=1 state=blocked->runnable reason=io-complete
SLOPOS-SYSCALL: pid=1 abi=linux-x86_64 entry=syscall return=kernel nr=24 sched_yield state=runnable origin=cpl3
SLOPOS-SCHED: cooperative switch from=1 to=2 next_state=Runnable independent_cr3=true
SLOPOS-SYSCALL: pid=2 abi=linux-x86_64 entry=syscall return=suspended nr=257 openat dirfd=-100 flags=0 path=/etc/slopos/system.conf origin=cpl3
SLOPOS-EXT4: group descriptor valid group=1 inode_table=38
SLOPOS-VFS: process open complete pid=2 fd=3 inode=18 bytes=76 access=readonly async=true path=/etc/slopos/system.conf
SLOPOS-SCHED: pid=2 state=blocked->runnable reason=io-complete
SLOPOS-SYSCALL: pid=2 abi=linux-x86_64 entry=syscall return=kernel nr=24 sched_yield state=runnable origin=cpl3
SLOPOS-SCHED: cooperative switch from=2 to=1 next_state=Runnable independent_cr3=true
SLOPOS-SYSCALL: pid=1 abi=linux-x86_64 entry=syscall return=sysretq nr=8 lseek fd=3 offset=123 whence=0 async=false
SLOPOS-SYSCALL: pid=1 abi=linux-x86_64 entry=syscall return=suspended nr=1 write fd=3 requested=64 user_pages=2 origin=cpl3
SLOPOS-VFS: process write complete pid=1 fd=3 inode=31 offset=123 requested=64 bytes=64 user_pages=2 cross_page=true async=true flushed=true
SLOPOS-SCHED: pid=1 state=blocked->runnable reason=io-complete
SLOPOS-SYSCALL: pid=1 abi=linux-x86_64 entry=syscall return=sysretq nr=8 lseek fd=3 offset=123 whence=0 async=false
SLOPOS-SYSCALL: pid=1 abi=linux-x86_64 entry=syscall return=suspended nr=0 read fd=3 requested=64 user_pages=2 origin=cpl3
SLOPOS-VFS: process read complete pid=1 fd=3 inode=31 offset=123 requested=64 bytes=64 user_pages=2 cross_page=true async=true
SLOPOS-SCHED: pid=1 state=blocked->runnable reason=io-complete
SLOPOS-SYSCALL: pid=1 abi=linux-x86_64 entry=syscall return=sysretq nr=8 lseek fd=3 offset=123 whence=0 async=false
SLOPOS-SYSCALL: pid=1 abi=linux-x86_64 entry=syscall return=suspended nr=1 write fd=3 requested=64 user_pages=2 origin=cpl3
SLOPOS-VFS: process write complete pid=1 fd=3 inode=31 offset=123 requested=64 bytes=64 user_pages=2 cross_page=true async=true flushed=true
SLOPOS-SCHED: pid=1 state=blocked->runnable reason=io-complete
SLOPOS-SYSCALL: pid=1 abi=linux-x86_64 entry=syscall return=sysretq nr=8 lseek fd=3 offset=123 whence=0 async=false
SLOPOS-SYSCALL: pid=1 abi=linux-x86_64 entry=syscall return=suspended nr=0 read fd=3 requested=64 user_pages=2 origin=cpl3
SLOPOS-VFS: process read complete pid=1 fd=3 inode=31 offset=123 requested=64 bytes=64 user_pages=2 cross_page=true async=true
SLOPOS-SCHED: pid=1 state=blocked->runnable reason=io-complete
SLOPOS-SYSCALL: pid=1 abi=linux-x86_64 entry=syscall return=sysretq nr=1 write fd=1 bytes=18 origin=cpl3 result=18
SLOPOS-SYSCALL: pid=1 abi=linux-x86_64 entry=syscall return=kernel nr=60 exit status=0 origin=cpl3
SLOPOS-PROCESS: pid=1 state=exited status=0 syscalls=16 retained=true kernel_return=true
SLOPOS-PROCESS: pid=1 exit resources released descriptors=1 backing_objects=1 address_space_retained=true
SLOPOS-SCHED: cooperative switch from=1 to=2 next_state=Runnable independent_cr3=true
SLOPOS-SYSCALL: pid=2 abi=linux-x86_64 entry=syscall return=suspended nr=0 read fd=3 requested=76 user_pages=1 origin=cpl3
SLOPOS-VFS: process read complete pid=2 fd=3 inode=18 offset=0 requested=76 bytes=76 user_pages=1 cross_page=false async=true
SLOPOS-SCHED: pid=2 state=blocked->runnable reason=io-complete
SLOPOS-SYSCALL: pid=2 abi=linux-x86_64 entry=syscall return=suspended nr=3 close fd=3 origin=cpl3
SLOPOS-VFS: process close complete pid=2 fd=3 inode=18 async=false
SLOPOS-SCHED: pid=2 state=blocked->runnable reason=io-complete
SLOPOS-SYSCALL: pid=2 abi=linux-x86_64 entry=syscall return=sysretq nr=1 write fd=1 bytes=19 origin=cpl3 result=19
SLOPOS-SYSCALL: pid=2 abi=linux-x86_64 entry=syscall return=kernel nr=60 exit status=0 origin=cpl3
SLOPOS-PROCESS: pid=2 state=exited status=0 syscalls=7 retained=true kernel_return=true
SLOPOS-PROCESS: pid=2 exit resources released descriptors=0 backing_objects=0 address_space_retained=true
SLOPOS-EXT4: superblock valid label=SLOPOS_ROOT block_size=4096 blocks=65536 inodes=32 groups=2 features=0x103c/0x22c2/0x46b
SLOPOS-EXT4: root directory valid group_inode_table=37 inode=2 extent_block=39 entries=6 etc_inode=13 lost_found_inode=11 metadata_checksums=group/inode/directory
SLOPOS-EXT4: group descriptor valid group=1 inode_table=38
SLOPOS-EXT4: group descriptor valid group=1 inode_table=38
SLOPOS-EXT4: group descriptor valid group=1 inode_table=38
SLOPOS-CONFIG: VFS load published initial=true generation=1 atomic=true paths=/etc/slopos/niri.kdl,/etc/slopos/waybar.jsonc,/etc/slopos/waybar.css,/etc/slopos/swww.env
SLOPOS-CONFIG: reload applied generation=1 atomic=true niri=/etc/slopos/niri.kdl waybar=/etc/slopos/waybar.jsonc style=/etc/slopos/waybar.css swww=/etc/slopos/swww.env workspaces=3 module_configs=6 css_rules=12
SLOPOS-EXT4: group descriptor valid group=1 inode_table=38
SLOPOS-EXT4: group descriptor valid group=1 inode_table=38
SLOPOS-EXT4: async path read valid release_inode=21 release_bytes=40 config_inode=18 config_bytes=76 paths=/etc/slopos-release,/etc/slopos/system.conf
SLOPOS-EXT4: group descriptor valid group=1 inode_table=38
SLOPOS-EXT4: group descriptor valid group=1 inode_table=38
SLOPOS-EXT4: group descriptor valid group=1 inode_table=38
SLOPOS-EXT4: group descriptor valid group=1 inode_table=38
SLOPOS-EXT4: multiblock file valid inode=30 inode_group=1 bytes=6144 logical_blocks=2 path=/usr/share/slopos/multiblock.bin
SLOPOS-EXT4: group descriptor valid group=1 inode_table=38
SLOPOS-EXT4: group descriptor valid group=1 inode_table=38
SLOPOS-EXT4: group descriptor valid group=1 inode_table=38
SLOPOS-EXT4: group descriptor valid group=1 inode_table=38
SLOPOS-EXT4: depth-one extent valid inode=28 leaf_block=104 logical_block=8 bytes=4096 metadata_checksum=valid path=/usr/share/slopos/deep-extent.bin
SLOPOS-EXT4: sparse read valid inode=28 logical_block=7 zero_bytes=4096
SLOPOS-EXT4: group descriptor valid group=1 inode_table=38
SLOPOS-EXT4: group descriptor valid group=1 inode_table=38
SLOPOS-EXT4: group descriptor valid group=1 inode_table=38
SLOPOS-EXT4: group descriptor valid group=1 inode_table=38
SLOPOS-EXT4: group descriptor valid group=1 inode_table=38
SLOPOS-EXT4: cross-block directory valid directory_inode=29 directory_blocks=2 entry_block=1 target_inode=21 target_bytes=40 metadata_checksums=valid path=/usr/share/slopos/large-directory/tail-29
SLOPOS-EXT4: group descriptor valid group=1 inode_table=38
SLOPOS-EXT4: fast symlink valid link_inode=14 target_inode=21 target_bytes=40 target=slopos-release path=/etc/current-release
SLOPOS-EXT4: group descriptor valid group=1 inode_table=38
SLOPOS-VFS: namespace valid mounts=1 root_fs=1 fd=3 inode=18 bytes=76 chunk_reads=5 seek_offset=7 seek_bytes=11
SLOPOS-EXT4: group descriptor valid group=1 inode_table=38
SLOPOS-EXT4: group descriptor valid group=1 inode_table=38
SLOPOS-EXT4: group descriptor valid group=1 inode_table=38
SLOPOS-EXT4: group descriptor valid group=1 inode_table=38
SLOPOS-VFS: writable descriptor valid fd=3 inode=31 physical_block=116 offset=123 bytes=73 writes=2 flushes=2 cache_invalidations=2 restored=true path=/usr/share/slopos/write-probe.bin
SLOPOS-EXT4: journal superblock valid inode=8 physical_block=32801 blocks=4096 first=1 sequence=1 start=0 users=1 features=0x0/0x0/0x0 uuid=match endian=big
SLOPOS-EXT4: journal records staged sequence=1 target_block=116 descriptor_block=32802 data_block=32803 commit_block=32804 writes=6 flushes=3 verified=true restored=true active=false
SLOPOS-EXT4: journal state transition recovery=true sequence=1 start=1 readback=valid checkpoint_start=0 restored=true transactions=0 writes=4 flushes=4
SLOPOS-EXT4: active journal transaction valid sequence=1 target_block=116 recovery=true start=1 records=descriptor/data/commit replayable_readback=true home_checkpointed=true next_sequence=2 test_sequence_rewound=true restored=true writes=13 flushes=10
SLOPOS-EXT4: group descriptor valid group=1 inode_table=38
SLOPOS-EXT4: group descriptor valid group=1 inode_table=38
SLOPOS-EXT4: group descriptor valid group=1 inode_table=38
SLOPOS-EXT4: metadata journal transactions valid inode=31 inode_table_block=38 size=4095/4096 checksums=valid transactions=2 sequences=1/2 final_sequence=3 test_sequence_rewound=true restored=true writes=23 flushes=17
SLOPOS-EXT4: group descriptor valid group=1 inode_table=38
SLOPOS-EXT4: group descriptor valid group=1 inode_table=38
SLOPOS-EXT4: group descriptor valid group=1 inode_table=38
SLOPOS-EXT4: fd append journal transactions valid fd=3 inode=31 block=117 bitmap_block=33 group_descriptor_block=1 inode_table_block=38 append_bytes=4096 size=4096/8192/4096 extent_blocks=1/2/1 checksums=superblock/group/bitmap/inode/data transactions=2 sequences=1/2 final_sequence=3 test_sequence_rewound=true restored=true
SLOPOS-EXT4: group descriptor valid group=1 inode_table=38
SLOPOS-EXT4: group descriptor valid group=1 inode_table=38
SLOPOS-EXT4: group descriptor valid group=1 inode_table=38
SLOPOS-EXT4: group descriptor valid group=1 inode_table=38
SLOPOS-EXT4: group descriptor valid group=1 inode_table=38
SLOPOS-EXT4: group descriptor valid group=1 inode_table=38
SLOPOS-EXT4: group descriptor valid group=1 inode_table=38
SLOPOS-EXT4: VFS create journal transactions valid fd=3 inode=32 parent_inode=27 inode_bitmap_block=36 group_descriptor_block=1 inode_table_block=38 directory_block=102 free_inodes=1/0/1 size=0 access=readwrite checksums=superblock/group/bitmap/inode/directory transactions=2 sequences=1/2 final_sequence=3 test_sequence_rewound=true restored=true path=/usr/share/slopos/create-probe
SLOPOS-FS: block cache entries=8 hits=148 misses=125 batched_pairs=1 invalidations=18
SLOPOS-VIRTIO: bounded block sequence complete requests=507 max_in_flight=2 interrupts=506 queue_interrupts=506
SLOPOS-ASYNC: timer future completed tick=101 input_dropped=0 virtio_interrupts=506/506
SLOPOS-ASYNC: timer future completed tick=601 input_dropped=0 virtio_interrupts=506/506
SLOPOS-EXCEPTION: injecting page fault at 0x40000000
SLOPOS-EXCEPTION: vector=14 error=0x0 rip=0x401bb04 cr2=0x40000000
SLOPOS-KERNEL: FATAL unhandled CPU exception
