[2J[01;01H[=3h[2J[01;01H[2J[01;01H[=3h[2J[01;01H[2J[01;01H[=3h[2J[01;01HBdsDxe: loading Boot0001 "UEFI Non-Block Boot Device" from PciRoot(0x0)/Pci(0x3,0x0)
BdsDxe: starting Boot0001 "UEFI Non-Block Boot Device" from PciRoot(0x0)/Pci(0x3,0x0)
SLOPOS-UEFI: loader entered
SLOPOS-UEFI: raw protocol layer initialized
SLOPOS-UEFI: ACPI RSDP=0xf77e014
SLOPOS-UEFI: GOP 1024x768 stride=1024 base=0x80000000
SLOPOS-UEFI: kernel file loaded bytes=78544
SLOPOS-UEFI: kernel mapped 0x4000000..0x400a000 entry=0x4000000
SLOPOS-UEFI: initrd loaded bytes=186 base=0xdf6d000
SLOPOS-UEFI: Boot Services exited descriptors=113
SLOPOS-UEFI: transferring control to kernel
SLOPOS-KERNEL: entry reached
SLOPOS-KERNEL: boot info valid memory_descriptors=113
SLOPOS-ACPI: XSDT MADT validated cpus=1 lapic=0xfee00000 ioapics=1 overrides=5
SLOPOS-KERNEL: initrd available base=0xdf6d000 bytes=186
SLOPOS-MM: frame allocator initialized regions=7 free_frames=53036 probe=0x100000
SLOPOS-MM: CR3 switched root=0x101000 table_frames=5 huge_pages=516
SLOPOS-MM: kernel heap initialized base=0x106000 bytes=1048576 probe=0x106000
SLOPOS-EBPF: verifier accepted instructions=5 interpreter_result=42
SLOPOS-KERNEL: framebuffer ownership accepted 1024x768
SLOPOS-INPUT: PS/2 keyboard and mouse IRQ queue armed
SLOPOS-INTERRUPT: GDT IDT LAPIC IOAPIC PIT initialized timer_hz=100 lapic_id=0 ioapic_id=0 redirections=24 routes=2/1/12
SLOPOS-DESKTOP: interactive compositor loop entered windows=3
SLOPOS-DESKTOP: terminal, system monitor, and configuration windows ready
SLOPOS-ASYNC: executor entered tasks=2
SLOPOS-ASYNC: timer future completed tick=101 input_dropped=0
SLOPOS-ASYNC: timer future completed tick=601 input_dropped=0
SLOPOS-ASYNC: timer future completed tick=1101 input_dropped=0
SLOPOS-ASYNC: timer future completed tick=1601 input_dropped=0
